82.23.209.43 - - [05/Jul/2017:18:29:04 +0200] "GET /js/materialize.js HTTP/1.1" 200 73761 "https://staff.sinisterheavens.com/" "Mozilla/5.0 (Windows NT 10.0; Win64; x64) AppleWebKit/537.36 (KHTML, like Gecko) Chrome/59.0.3071.115 Safari/537.36"
::1 - - [05/Jul/2017:18:29:13 +0200] "OPTIONS * HTTP/1.0" 200 126 "-" "Apache/2.4.18 (Ubuntu) OpenSSL/1.0.2g mod_wsgi/4.3.0 Python/2.7.12 (internal dummy connection)"
151.231.148.105 - - [05/Jul/2017:18:31:08 +0200] "GET / HTTP/1.1" 200 18691 "https://clwo.eu/jailbreak/staff_redi.php" "Mozilla/5.0 (Windows; U; Windows NT 6.1; en-US; Valve Steam GameOverlay/1496897923; ) AppleWebKit/537.36 (KHTML, like Gecko) Chrome/58.0.3029.81 Safari/537.36"
151.231.148.105 - - [05/Jul/2017:18:31:09 +0200] "GET /css/index.css HTTP/1.1" 200 1476 "https://staff.sinisterheavens.com/" "Mozilla/5.0 (Windows; U; Windows NT 6.1; en-US; Valve Steam GameOverlay/1496897923; ) AppleWebKit/537.36 (KHTML, like Gecko) Chrome/58.0.3029.81 Safari/537.36"
151.231.148.105 - - [05/Jul/2017:18:31:09 +0200] "GET /js/index.js HTTP/1.1" 200 1084 "https://staff.sinisterheavens.com/" "Mozilla/5.0 (Windows; U; Windows NT 6.1; en-US; Valve Steam GameOverlay/1496897923; ) AppleWebKit/537.36 (KHTML, like Gecko) Chrome/58.0.3029.81 Safari/537.36"
151.231.148.105 - - [05/Jul/2017:18:31:09 +0200] "GET /js/jquery.js HTTP/1.1" 200 30657 "https://staff.sinisterheavens.com/" "Mozilla/5.0 (Windows; U; Windows NT 6.1; en-US; Valve Steam GameOverlay/1496897923; ) AppleWebKit/537.36 (KHTML, like Gecko) Chrome/58.0.3029.81 Safari/537.36"
151.231.148.105 - - [05/Jul/2017:18:31:09 +0200] "GET /css/materialize.css HTTP/1.1" 200 25342 "https://staff.sinisterheavens.com/" "Mozilla/5.0 (Windows; U; Windows NT 6.1; en-US; Valve Steam GameOverlay/1496897923; ) AppleWebKit/537.36 (KHTML, like Gecko) Chrome/58.0.3029.81 Safari/537.36"
151.231.148.105 - - [05/Jul/2017:18:31:09 +0200] "GET /js/materialize.js HTTP/1.1" 200 70479 "https://staff.sinisterheavens.com/" "Mozilla/5.0 (Windows; U; Windows NT 6.1; en-US; Valve Steam GameOverlay/1496897923; ) AppleWebKit/537.36 (KHTML, like Gecko) Chrome/58.0.3029.81 Safari/537.36"
::1 - - [05/Jul/2017:18:31:16 +0200] "OPTIONS * HTTP/1.0" 200 126 "-" "Apache/2.4.18 (Ubuntu) OpenSSL/1.0.2g mod_wsgi/4.3.0 Python/2.7.12 (internal dummy connection)"
157.55.39.36 - - [05/Jul/2017:18:31:55 +0200] "GET / HTTP/1.1" 200 5643 "-" "Mozilla/5.0 (compatible; bingbot/2.0; +http://www.bing.com/bingbot.htm)"
178.148.129.204 - - [05/Jul/2017:18:34:52 +0200] "GET / HTTP/1.1" 200 18691 "https://clwo.eu/jailbreak/staff_redi.php" "Mozilla/5.0 (Windows; U; Windows NT 6.1; en-US; Valve Steam GameOverlay/1496897923; ) AppleWebKit/537.36 (KHTML, like Gecko) Chrome/58.0.3029.81 Safari/537.36"
178.148.129.204 - - [05/Jul/2017:18:34:52 +0200] "GET /css/materialize.css HTTP/1.1" 200 25189 "https://staff.sinisterheavens.com/" "Mozilla/5.0 (Windows; U; Windows NT 6.1; en-US; Valve Steam GameOverlay/1496897923; ) AppleWebKit/537.36 (KHTML, like Gecko) Chrome/58.0.3029.81 Safari/537.36"
178.148.129.204 - - [05/Jul/2017:18:34:52 +0200] "GET /css/index.css HTTP/1.1" 200 1476 "https://staff.sinisterheavens.com/" "Mozilla/5.0 (Windows; U; Windows NT 6.1; en-US; Valve Steam GameOverlay/1496897923; ) AppleWebKit/537.36 (KHTML, like Gecko) Chrome/58.0.3029.81 Safari/537.36"
178.148.129.204 - - [05/Jul/2017:18:34:52 +0200] "GET /js/jquery.js HTTP/1.1" 200 30657 "https://staff.sinisterheavens.com/" "Mozilla/5.0 (Windows; U; Windows NT 6.1; en-US; Valve Steam GameOverlay/1496897923; ) AppleWebKit/537.36 (KHTML, like Gecko) Chrome/58.0.3029.81 Safari/537.36"
178.148.129.204 - - [05/Jul/2017:18:34:52 +0200] "GET /js/index.js HTTP/1.1" 200 1084 "https://staff.sinisterheavens.com/" "Mozilla/5.0 (Windows; U; Windows NT 6.1; en-US; Valve Steam GameOverlay/1496897923; ) AppleWebKit/537.36 (KHTML, like Gecko) Chrome/58.0.3029.81 Safari/537.36"
178.148.129.204 - - [05/Jul/2017:18:34:52 +0200] "GET /js/materialize.js HTTP/1.1" 200 70479 "https://staff.sinisterheavens.com/" "Mozilla/5.0 (Windows; U; Windows NT 6.1; en-US; Valve Steam GameOverlay/1496897923; ) AppleWebKit/537.36 (KHTML, like Gecko) Chrome/58.0.3029.81 Safari/537.36"
40.77.167.67 - - [05/Jul/2017:18:36:55 +0200] "GET / HTTP/1.1" 200 18676 "-" "Mozilla/5.0 (compatible; bingbot/2.0; +http://www.bing.com/bingbot.htm)"
178.148.129.204 - - [05/Jul/2017:18:39:52 +0200] "-" 408 152 "-" "-"
::1 - - [05/Jul/2017:18:39:55 +0200] "OPTIONS * HTTP/1.0" 200 126 "-" "Apache/2.4.18 (Ubuntu) OpenSSL/1.0.2g mod_wsgi/4.3.0 Python/2.7.12 (internal dummy connection)"
35.184.123.142 - - [05/Jul/2017:18:43:41 +0200] "GET / HTTP/1.1" 200 1426 "http://google.com" "Mozilla/5.0 (Macintosh; Intel Mac OS X 10_9_2) AppleWebKit/537.36 (KHTML, like Gecko) Chrome/33.0.1750.152 Safari/537.36"
54.189.211.59 - - [05/Jul/2017:18:43:42 +0200] "GET / HTTP/1.1" 200 5595 "-" "Mozilla/5.0 (Macintosh; Intel Mac OS X 10_11_5) AppleWebKit/537.36 (KHTML, like Gecko) Chrome/50.0.2661.102 Safari/537.36"
217.255.161.147 - - [05/Jul/2017:18:44:07 +0200] "GET / HTTP/1.1" 200 18687 "-" "Mozilla/5.0 (Windows NT 10.0; WOW64; rv:54.0) Gecko/20100101 Firefox/54.0"
217.255.161.147 - - [05/Jul/2017:18:44:07 +0200] "GET /js/index.js HTTP/1.1" 200 4391 "https://staff.sinisterheavens.com/" "Mozilla/5.0 (Windows NT 10.0; WOW64; rv:54.0) Gecko/20100101 Firefox/54.0"
217.255.161.147 - - [05/Jul/2017:18:44:07 +0200] "GET /js/jquery.js HTTP/1.1" 200 30760 "https://staff.sinisterheavens.com/" "Mozilla/5.0 (Windows NT 10.0; WOW64; rv:54.0) Gecko/20100101 Firefox/54.0"
217.255.161.147 - - [05/Jul/2017:18:44:07 +0200] "GET /js/materialize.js HTTP/1.1" 200 73699 "https://staff.sinisterheavens.com/" "Mozilla/5.0 (Windows NT 10.0; WOW64; rv:54.0) Gecko/20100101 Firefox/54.0"
217.255.161.147 - - [05/Jul/2017:18:44:07 +0200] "GET /css/materialize.css HTTP/1.1" 200 25189 "https://staff.sinisterheavens.com/" "Mozilla/5.0 (Windows NT 10.0; WOW64; rv:54.0) Gecko/20100101 Firefox/54.0"
217.255.161.147 - - [05/Jul/2017:18:44:08 +0200] "GET /css/index.css HTTP/1.1" 200 1476 "https://staff.sinisterheavens.com/" "Mozilla/5.0 (Windows NT 10.0; WOW64; rv:54.0) Gecko/20100101 Firefox/54.0"
217.255.161.147 - - [05/Jul/2017:18:44:11 +0200] "GET /favicon.ico HTTP/1.1" 404 348 "-" "Mozilla/5.0 (Windows NT 10.0; WOW64; rv:54.0) Gecko/20100101 Firefox/54.0"
217.255.161.147 - - [05/Jul/2017:18:44:11 +0200] "GET /favicon.ico HTTP/1.1" 404 348 "-" "Mozilla/5.0 (Windows NT 10.0; WOW64; rv:54.0) Gecko/20100101 Firefox/54.0"
::1 - - [05/Jul/2017:18:44:16 +0200] "OPTIONS * HTTP/1.0" 200 126 "-" "Apache/2.4.18 (Ubuntu) OpenSSL/1.0.2g mod_wsgi/4.3.0 Python/2.7.12 (internal dummy connection)"
217.182.132.150 - - [05/Jul/2017:18:44:48 +0200] "GET /csgo/materials/models/gmod_tower/catears.vmt.bz2 HTTP/1.1" 404 3724 "-" "Mozilla/5.0 (compatible; AhrefsBot/5.2; +http://ahrefs.com/robot/)"
212.187.97.19 - - [05/Jul/2017:18:48:17 +0200] "GET / HTTP/1.1" 200 18687 "https://clwo.eu/jailbreak/staff_redi.php" "Mozilla/5.0 (Windows NT 10.0; Win64; x64) AppleWebKit/537.36 (KHTML, like Gecko) Chrome/59.0.3071.115 Safari/537.36"
212.187.97.19 - - [05/Jul/2017:18:48:17 +0200] "GET /js/index.js HTTP/1.1" 200 4304 "https://staff.sinisterheavens.com/" "Mozilla/5.0 (Windows NT 10.0; Win64; x64) AppleWebKit/537.36 (KHTML, like Gecko) Chrome/59.0.3071.115 Safari/537.36"
212.187.97.19 - - [05/Jul/2017:18:48:17 +0200] "GET /css/index.css HTTP/1.1" 200 4696 "https://staff.sinisterheavens.com/" "Mozilla/5.0 (Windows NT 10.0; Win64; x64) AppleWebKit/537.36 (KHTML, like Gecko) Chrome/59.0.3071.115 Safari/537.36"
212.187.97.19 - - [05/Jul/2017:18:48:17 +0200] "GET /js/jquery.js HTTP/1.1" 200 34195 "https://staff.sinisterheavens.com/" "Mozilla/5.0 (Windows NT 10.0; Win64; x64) AppleWebKit/537.36 (KHTML, like Gecko) Chrome/59.0.3071.115 Safari/537.36"
212.187.97.19 - - [05/Jul/2017:18:48:17 +0200] "GET /css/materialize.css HTTP/1.1" 200 28503 "https://staff.sinisterheavens.com/" "Mozilla/5.0 (Windows NT 10.0; Win64; x64) AppleWebKit/537.36 (KHTML, like Gecko) Chrome/59.0.3071.115 Safari/537.36"
212.187.97.19 - - [05/Jul/2017:18:48:17 +0200] "GET /js/materialize.js HTTP/1.1" 200 73699 "https://staff.sinisterheavens.com/" "Mozilla/5.0 (Windows NT 10.0; Win64; x64) AppleWebKit/537.36 (KHTML, like Gecko) Chrome/59.0.3071.115 Safari/537.36"
::1 - - [05/Jul/2017:18:48:24 +0200] "OPTIONS * HTTP/1.0" 200 126 "-" "Apache/2.4.18 (Ubuntu) OpenSSL/1.0.2g mod_wsgi/4.3.0 Python/2.7.12 (internal dummy connection)"
51.255.65.11 - - [05/Jul/2017:18:49:39 +0200] "GET /csgo/sound/inilo/jailbreak_v1_452489/pickup_v1_452489/ HTTP/1.1" 404 3730 "-" "Mozilla/5.0 (compatible; AhrefsBot/5.2; +http://ahrefs.com/robot/)"
94.193.217.192 - - [05/Jul/2017:18:52:07 +0200] "GET / HTTP/1.1" 200 18687 "https://clwo.eu/jailbreak/staff_redi.php" "Mozilla/5.0 (Macintosh; Intel Mac OS X 10_11_2) AppleWebKit/537.36 (KHTML, like Gecko) Chrome/59.0.3071.115 Safari/537.36"
94.193.217.192 - - [05/Jul/2017:18:52:07 +0200] "GET /js/index.js HTTP/1.1" 200 4304 "https://staff.sinisterheavens.com/" "Mozilla/5.0 (Macintosh; Intel Mac OS X 10_11_2) AppleWebKit/537.36 (KHTML, like Gecko) Chrome/59.0.3071.115 Safari/537.36"
94.193.217.192 - - [05/Jul/2017:18:52:07 +0200] "GET /css/index.css HTTP/1.1" 200 4696 "https://staff.sinisterheavens.com/" "Mozilla/5.0 (Macintosh; Intel Mac OS X 10_11_2) AppleWebKit/537.36 (KHTML, like Gecko) Chrome/59.0.3071.115 Safari/537.36"
94.193.217.192 - - [05/Jul/2017:18:52:07 +0200] "GET /js/jquery.js HTTP/1.1" 200 33877 "https://staff.sinisterheavens.com/" "Mozilla/5.0 (Macintosh; Intel Mac OS X 10_11_2) AppleWebKit/537.36 (KHTML, like Gecko) Chrome/59.0.3071.115 Safari/537.36"
94.193.217.192 - - [05/Jul/2017:18:52:07 +0200] "GET /css/materialize.css HTTP/1.1" 200 28562 "https://staff.sinisterheavens.com/" "Mozilla/5.0 (Macintosh; Intel Mac OS X 10_11_2) AppleWebKit/537.36 (KHTML, like Gecko) Chrome/59.0.3071.115 Safari/537.36"
94.193.217.192 - - [05/Jul/2017:18:52:07 +0200] "GET /js/materialize.js HTTP/1.1" 200 73699 "https://staff.sinisterheavens.com/" "Mozilla/5.0 (Macintosh; Intel Mac OS X 10_11_2) AppleWebKit/537.36 (KHTML, like Gecko) Chrome/59.0.3071.115 Safari/537.36"
::1 - - [05/Jul/2017:18:52:15 +0200] "OPTIONS * HTTP/1.0" 200 126 "-" "Apache/2.4.18 (Ubuntu) OpenSSL/1.0.2g mod_wsgi/4.3.0 Python/2.7.12 (internal dummy connection)"
217.182.132.28 - - [05/Jul/2017:18:56:51 +0200] "GET /csgo/materials/models/gmod_tower/starglasses.vmt.bz2 HTTP/1.1" 404 3728 "-" "Mozilla/5.0 (compatible; AhrefsBot/5.2; +http://ahrefs.com/robot/)"
51.255.65.62 - - [05/Jul/2017:19:02:17 +0200] "GET /csgo/materials/models/astronauthelmet/astroglass.vmt.bz2 HTTP/1.1" 404 3732 "-" "Mozilla/5.0 (compatible; AhrefsBot/5.2; +http://ahrefs.com/robot/)"
51.255.65.60 - - [05/Jul/2017:19:06:40 +0200] "GET /csgo/sound/inilo/jailbreak_v1_452489/predator_v1_452489/fidget_452489/ HTTP/1.1" 404 3746 "-" "Mozilla/5.0 (compatible; AhrefsBot/5.2; +http://ahrefs.com/robot/)"
164.132.161.29 - - [05/Jul/2017:19:08:12 +0200] "GET /csgo/sound/music/darude_01/game_sounds_music.txt.bz2 HTTP/1.1" 404 3728 "-" "Mozilla/5.0 (compatible; AhrefsBot/5.2; +http://ahrefs.com/robot/)"
178.148.129.204 - - [05/Jul/2017:19:09:03 +0200] "GET / HTTP/1.1" 200 18687 "https://clwo.eu/jailbreak/staff_redi.php" "Mozilla/5.0 (Windows; U; Windows NT 6.1; en-US; Valve Steam GameOverlay/1496897923; ) AppleWebKit/537.36 (KHTML, like Gecko) Chrome/58.0.3029.81 Safari/537.36"
178.148.129.204 - - [05/Jul/2017:19:09:03 +0200] "GET /css/materialize.css HTTP/1.1" 200 25329 "https://staff.sinisterheavens.com/" "Mozilla/5.0 (Windows; U; Windows NT 6.1; en-US; Valve Steam GameOverlay/1496897923; ) AppleWebKit/537.36 (KHTML, like Gecko) Chrome/58.0.3029.81 Safari/537.36"
178.148.129.204 - - [05/Jul/2017:19:09:03 +0200] "GET /js/jquery.js HTTP/1.1" 200 30947 "https://staff.sinisterheavens.com/" "Mozilla/5.0 (Windows; U; Windows NT 6.1; en-US; Valve Steam GameOverlay/1496897923; ) AppleWebKit/537.36 (KHTML, like Gecko) Chrome/58.0.3029.81 Safari/537.36"
178.148.129.204 - - [05/Jul/2017:19:09:03 +0200] "GET /css/index.css HTTP/1.1" 200 1563 "https://staff.sinisterheavens.com/" "Mozilla/5.0 (Windows; U; Windows NT 6.1; en-US; Valve Steam GameOverlay/1496897923; ) AppleWebKit/537.36 (KHTML, like Gecko) Chrome/58.0.3029.81 Safari/537.36"
178.148.129.204 - - [05/Jul/2017:19:09:03 +0200] "GET /js/index.js HTTP/1.1" 200 1084 "https://staff.sinisterheavens.com/" "Mozilla/5.0 (Windows; U; Windows NT 6.1; en-US; Valve Steam GameOverlay/1496897923; ) AppleWebKit/537.36 (KHTML, like Gecko) Chrome/58.0.3029.81 Safari/537.36"
178.148.129.204 - - [05/Jul/2017:19:09:03 +0200] "GET /js/materialize.js HTTP/1.1" 200 70479 "https://staff.sinisterheavens.com/" "Mozilla/5.0 (Windows; U; Windows NT 6.1; en-US; Valve Steam GameOverlay/1496897923; ) AppleWebKit/537.36 (KHTML, like Gecko) Chrome/58.0.3029.81 Safari/537.36"
178.148.129.204 - - [05/Jul/2017:19:13:02 +0200] "GET / HTTP/1.1" 200 15467 "https://clwo.eu/jailbreak/staff_redi.php" "Mozilla/5.0 (Windows; U; Windows NT 6.1; en-US; Valve Steam GameOverlay/1496897923; ) AppleWebKit/537.36 (KHTML, like Gecko) Chrome/58.0.3029.81 Safari/537.36"
178.148.129.204 - - [05/Jul/2017:19:13:02 +0200] "GET /css/materialize.css HTTP/1.1" 200 25421 "https://staff.sinisterheavens.com/" "Mozilla/5.0 (Windows; U; Windows NT 6.1; en-US; Valve Steam GameOverlay/1496897923; ) AppleWebKit/537.36 (KHTML, like Gecko) Chrome/58.0.3029.81 Safari/537.36"
178.148.129.204 - - [05/Jul/2017:19:13:02 +0200] "GET /css/index.css HTTP/1.1" 200 1476 "https://staff.sinisterheavens.com/" "Mozilla/5.0 (Windows; U; Windows NT 6.1; en-US; Valve Steam GameOverlay/1496897923; ) AppleWebKit/537.36 (KHTML, like Gecko) Chrome/58.0.3029.81 Safari/537.36"
178.148.129.204 - - [05/Jul/2017:19:13:02 +0200] "GET /js/jquery.js HTTP/1.1" 200 30657 "https://staff.sinisterheavens.com/" "Mozilla/5.0 (Windows; U; Windows NT 6.1; en-US; Valve Steam GameOverlay/1496897923; ) AppleWebKit/537.36 (KHTML, like Gecko) Chrome/58.0.3029.81 Safari/537.36"
178.148.129.204 - - [05/Jul/2017:19:13:02 +0200] "GET /js/index.js HTTP/1.1" 200 1084 "https://staff.sinisterheavens.com/" "Mozilla/5.0 (Windows; U; Windows NT 6.1; en-US; Valve Steam GameOverlay/1496897923; ) AppleWebKit/537.36 (KHTML, like Gecko) Chrome/58.0.3029.81 Safari/537.36"
178.148.129.204 - - [05/Jul/2017:19:13:02 +0200] "GET /js/materialize.js HTTP/1.1" 200 70479 "https://staff.sinisterheavens.com/" "Mozilla/5.0 (Windows; U; Windows NT 6.1; en-US; Valve Steam GameOverlay/1496897923; ) AppleWebKit/537.36 (KHTML, like Gecko) Chrome/58.0.3029.81 Safari/537.36"
157.55.39.150 - - [05/Jul/2017:19:13:27 +0200] "GET /robots.txt HTTP/1.1" 404 4342 "-" "Mozilla/5.0 (compatible; bingbot/2.0; +http://www.bing.com/bingbot.htm)"
157.55.39.150 - - [05/Jul/2017:19:13:28 +0200] "GET /robots.txt HTTP/1.1" 404 4374 "-" "Mozilla/5.0 (compatible; bingbot/2.0; +http://www.bing.com/bingbot.htm)"
157.55.39.173 - - [05/Jul/2017:19:13:31 +0200] "GET / HTTP/1.1" 200 5659 "-" "Mozilla/5.0 (compatible; bingbot/2.0; +http://www.bing.com/bingbot.htm)"
::1 - - [05/Jul/2017:19:14:43 +0200] "OPTIONS * HTTP/1.0" 200 126 "-" "Apache/2.4.18 (Ubuntu) OpenSSL/1.0.2g mod_wsgi/4.3.0 Python/2.7.12 (internal dummy connection)"
51.255.65.75 - - [05/Jul/2017:19:20:45 +0200] "GET /csgo/sound/inilo/jailbreak_v1_452489/taunt_v1_452489/ HTTP/1.1" 404 3729 "-" "Mozilla/5.0 (compatible; AhrefsBot/5.2; +http://ahrefs.com/robot/)"
94.193.217.192 - - [05/Jul/2017:19:23:02 +0200] "GET / HTTP/1.1" 200 18687 "https://clwo.eu/jailbreak/staff_redi.php" "Mozilla/5.0 (Macintosh; Intel Mac OS X 10_11_2) AppleWebKit/537.36 (KHTML, like Gecko) Chrome/59.0.3071.115 Safari/537.36"
94.193.217.192 - - [05/Jul/2017:19:23:02 +0200] "GET /js/index.js HTTP/1.1" 200 4304 "https://staff.sinisterheavens.com/" "Mozilla/5.0 (Macintosh; Intel Mac OS X 10_11_2) AppleWebKit/537.36 (KHTML, like Gecko) Chrome/59.0.3071.115 Safari/537.36"
94.193.217.192 - - [05/Jul/2017:19:23:02 +0200] "GET /css/index.css HTTP/1.1" 200 4696 "https://staff.sinisterheavens.com/" "Mozilla/5.0 (Macintosh; Intel Mac OS X 10_11_2) AppleWebKit/537.36 (KHTML, like Gecko) Chrome/59.0.3071.115 Safari/537.36"
94.193.217.192 - - [05/Jul/2017:19:23:02 +0200] "GET /js/jquery.js HTTP/1.1" 200 34116 "https://staff.sinisterheavens.com/" "Mozilla/5.0 (Macintosh; Intel Mac OS X 10_11_2) AppleWebKit/537.36 (KHTML, like Gecko) Chrome/59.0.3071.115 Safari/537.36"
94.193.217.192 - - [05/Jul/2017:19:23:02 +0200] "GET /css/materialize.css HTTP/1.1" 200 28562 "https://staff.sinisterheavens.com/" "Mozilla/5.0 (Macintosh; Intel Mac OS X 10_11_2) AppleWebKit/537.36 (KHTML, like Gecko) Chrome/59.0.3071.115 Safari/537.36"
94.193.217.192 - - [05/Jul/2017:19:23:02 +0200] "GET /js/materialize.js HTTP/1.1" 200 73699 "https://staff.sinisterheavens.com/" "Mozilla/5.0 (Macintosh; Intel Mac OS X 10_11_2) AppleWebKit/537.36 (KHTML, like Gecko) Chrome/59.0.3071.115 Safari/537.36"
::1 - - [05/Jul/2017:19:23:08 +0200] "OPTIONS * HTTP/1.0" 200 126 "-" "Apache/2.4.18 (Ubuntu) OpenSSL/1.0.2g mod_wsgi/4.3.0 Python/2.7.12 (internal dummy connection)"
164.132.161.11 - - [05/Jul/2017:19:23:43 +0200] "GET /csgo/materials/models/jailbreak/soldier/ HTTP/1.1" 200 1168 "-" "Mozilla/5.0 (compatible; AhrefsBot/5.2; +http://ahrefs.com/robot/)"
157.55.39.173 - - [05/Jul/2017:19:27:14 +0200] "GET / HTTP/1.1" 200 5659 "-" "Mozilla/5.0 (compatible; bingbot/2.0; +http://www.bing.com/bingbot.htm)"
95.213.177.125 - - [05/Jul/2017:19:28:59 +0200] "POST http://check.proxyradar.com/azenv.php?auth=149927573953&a=PSCMN&i=633026384&p=80 HTTP/1.1" 404 473 "https://proxyradar.com/" "Mozilla/4.0 (compatible; MSIE 8.0; Windows NT 5.1; Trident/4.0)"
217.182.132.33 - - [05/Jul/2017:19:35:06 +0200] "GET /share/csgo/sound/inilo/jailbreak_v1_452489/sprays_v1_452489/spraycan_02_452489.mp3.bz2 HTTP/1.1" 200 14649 "-" "Mozilla/5.0 (compatible; AhrefsBot/5.2; +http://ahrefs.com/robot/)"
51.254.222.206 - - [05/Jul/2017:19:38:22 +0200] "GET / HTTP/1.0" 301 567 "https://clwo.eu/jailbreak/staff_redi.php" "Mozilla/5.0 (Windows NT 10.0; Win64; x64) AppleWebKit/537.36 (KHTML, like Gecko) Chrome/59.0.3071.115 Safari/537.36"
89.98.139.175 - - [05/Jul/2017:19:38:22 +0200] "GET / HTTP/1.1" 200 18687 "https://clwo.eu/jailbreak/staff_redi.php" "Mozilla/5.0 (Windows NT 10.0; Win64; x64) AppleWebKit/537.36 (KHTML, like Gecko) Chrome/59.0.3071.115 Safari/537.36"
89.98.139.175 - - [05/Jul/2017:19:38:23 +0200] "GET /js/jquery.js HTTP/1.1" 200 33877 "https://staff.sinisterheavens.com/" "Mozilla/5.0 (Windows NT 10.0; Win64; x64) AppleWebKit/537.36 (KHTML, like Gecko) Chrome/59.0.3071.115 Safari/537.36"
89.98.139.175 - - [05/Jul/2017:19:38:23 +0200] "GET /css/materialize.css HTTP/1.1" 200 25189 "https://staff.sinisterheavens.com/" "Mozilla/5.0 (Windows NT 10.0; Win64; x64) AppleWebKit/537.36 (KHTML, like Gecko) Chrome/59.0.3071.115 Safari/537.36"
89.98.139.175 - - [05/Jul/2017:19:38:23 +0200] "GET /js/index.js HTTP/1.1" 200 1084 "https://staff.sinisterheavens.com/" "Mozilla/5.0 (Windows NT 10.0; Win64; x64) AppleWebKit/537.36 (KHTML, like Gecko) Chrome/59.0.3071.115 Safari/537.36"
89.98.139.175 - - [05/Jul/2017:19:38:23 +0200] "GET /css/index.css HTTP/1.1" 200 1476 "https://staff.sinisterheavens.com/" "Mozilla/5.0 (Windows NT 10.0; Win64; x64) AppleWebKit/537.36 (KHTML, like Gecko) Chrome/59.0.3071.115 Safari/537.36"
89.98.139.175 - - [05/Jul/2017:19:38:23 +0200] "GET /js/materialize.js HTTP/1.1" 200 70479 "https://staff.sinisterheavens.com/" "Mozilla/5.0 (Windows NT 10.0; Win64; x64) AppleWebKit/537.36 (KHTML, like Gecko) Chrome/59.0.3071.115 Safari/537.36"
::1 - - [05/Jul/2017:19:39:31 +0200] "OPTIONS * HTTP/1.0" 200 126 "-" "Apache/2.4.18 (Ubuntu) OpenSSL/1.0.2g mod_wsgi/4.3.0 Python/2.7.12 (internal dummy connection)"
151.80.39.132 - - [05/Jul/2017:19:39:48 +0200] "GET /robots.txt HTTP/1.1" 301 568 "-" "Mozilla/5.0 (compatible; AhrefsBot/5.2; +http://ahrefs.com/robot/)"
151.80.39.132 - - [05/Jul/2017:19:39:48 +0200] "GET /robots.txt HTTP/1.1" 404 3453 "-" "Mozilla/5.0 (compatible; AhrefsBot/5.2; +http://ahrefs.com/robot/)"
137.74.207.108 - - [05/Jul/2017:19:39:48 +0200] "GET / HTTP/1.1" 301 548 "-" "Mozilla/5.0 (compatible; AhrefsBot/5.2; +http://ahrefs.com/robot/)"
217.182.132.51 - - [05/Jul/2017:19:40:15 +0200] "GET /csgo/models/models/gmod_tower/afro2.vmt.bz2 HTTP/1.1" 404 3719 "-" "Mozilla/5.0 (compatible; AhrefsBot/5.2; +http://ahrefs.com/robot/)"
84.110.185.147 - - [05/Jul/2017:19:43:14 +0200] "GET / HTTP/1.1" 200 18687 "https://clwo.eu/jailbreak/staff_redi.php" "Mozilla/5.0 (Windows NT 10.0; Win64; x64) AppleWebKit/537.36 (KHTML, like Gecko) Chrome/59.0.3071.115 Safari/537.36"
84.110.185.147 - - [05/Jul/2017:19:43:15 +0200] "GET /js/index.js HTTP/1.1" 200 4304 "https://staff.sinisterheavens.com/" "Mozilla/5.0 (Windows NT 10.0; Win64; x64) AppleWebKit/537.36 (KHTML, like Gecko) Chrome/59.0.3071.115 Safari/537.36"
84.110.185.147 - - [05/Jul/2017:19:43:15 +0200] "GET /css/index.css HTTP/1.1" 200 4696 "https://staff.sinisterheavens.com/" "Mozilla/5.0 (Windows NT 10.0; Win64; x64) AppleWebKit/537.36 (KHTML, like Gecko) Chrome/59.0.3071.115 Safari/537.36"
84.110.185.147 - - [05/Jul/2017:19:43:15 +0200] "GET /js/jquery.js HTTP/1.1" 200 33877 "https://staff.sinisterheavens.com/" "Mozilla/5.0 (Windows NT 10.0; Win64; x64) AppleWebKit/537.36 (KHTML, like Gecko) Chrome/59.0.3071.115 Safari/537.36"
84.110.185.147 - - [05/Jul/2017:19:43:15 +0200] "GET /css/materialize.css HTTP/1.1" 200 28562 "https://staff.sinisterheavens.com/" "Mozilla/5.0 (Windows NT 10.0; Win64; x64) AppleWebKit/537.36 (KHTML, like Gecko) Chrome/59.0.3071.115 Safari/537.36"
84.110.185.147 - - [05/Jul/2017:19:43:15 +0200] "GET /js/materialize.js HTTP/1.1" 200 73699 "https://staff.sinisterheavens.com/" "Mozilla/5.0 (Windows NT 10.0; Win64; x64) AppleWebKit/537.36 (KHTML, like Gecko) Chrome/59.0.3071.115 Safari/537.36"
::1 - - [05/Jul/2017:19:43:22 +0200] "OPTIONS * HTTP/1.0" 200 126 "-" "Apache/2.4.18 (Ubuntu) OpenSSL/1.0.2g mod_wsgi/4.3.0 Python/2.7.12 (internal dummy connection)"
178.154.189.32 - - [05/Jul/2017:19:45:43 +0200] "GET /robots.txt HTTP/1.1" 404 3914 "-" "Mozilla/5.0 (compatible; YandexBot/3.0; +http://yandex.com/bots)"
178.154.189.32 - - [05/Jul/2017:19:45:46 +0200] "GET /index.php?p=lostpassword HTTP/1.1" 404 570 "-" "Mozilla/5.0 (compatible; YandexBot/3.0; +http://yandex.com/bots)"
212.187.97.19 - - [05/Jul/2017:19:48:28 +0200] "GET / HTTP/1.1" 200 18687 "https://clwo.eu/jailbreak/staff_redi.php" "Mozilla/5.0 (Windows NT 10.0; Win64; x64) AppleWebKit/537.36 (KHTML, like Gecko) Chrome/59.0.3071.115 Safari/537.36"
212.187.97.19 - - [05/Jul/2017:19:48:29 +0200] "GET /js/index.js HTTP/1.1" 200 4304 "https://staff.sinisterheavens.com/" "Mozilla/5.0 (Windows NT 10.0; Win64; x64) AppleWebKit/537.36 (KHTML, like Gecko) Chrome/59.0.3071.115 Safari/537.36"
212.187.97.19 - - [05/Jul/2017:19:48:29 +0200] "GET /css/index.css HTTP/1.1" 200 4696 "https://staff.sinisterheavens.com/" "Mozilla/5.0 (Windows NT 10.0; Win64; x64) AppleWebKit/537.36 (KHTML, like Gecko) Chrome/59.0.3071.115 Safari/537.36"
212.187.97.19 - - [05/Jul/2017:19:48:29 +0200] "GET /js/jquery.js HTTP/1.1" 200 33877 "https://staff.sinisterheavens.com/" "Mozilla/5.0 (Windows NT 10.0; Win64; x64) AppleWebKit/537.36 (KHTML, like Gecko) Chrome/59.0.3071.115 Safari/537.36"
212.187.97.19 - - [05/Jul/2017:19:48:29 +0200] "GET /css/materialize.css HTTP/1.1" 200 28706 "https://staff.sinisterheavens.com/" "Mozilla/5.0 (Windows NT 10.0; Win64; x64) AppleWebKit/537.36 (KHTML, like Gecko) Chrome/59.0.3071.115 Safari/537.36"
212.187.97.19 - - [05/Jul/2017:19:48:29 +0200] "GET /js/materialize.js HTTP/1.1" 200 73762 "https://staff.sinisterheavens.com/" "Mozilla/5.0 (Windows NT 10.0; Win64; x64) AppleWebKit/537.36 (KHTML, like Gecko) Chrome/59.0.3071.115 Safari/537.36"
::1 - - [05/Jul/2017:19:48:37 +0200] "OPTIONS * HTTP/1.0" 200 126 "-" "Apache/2.4.18 (Ubuntu) OpenSSL/1.0.2g mod_wsgi/4.3.0 Python/2.7.12 (internal dummy connection)"
86.137.186.29 - - [05/Jul/2017:19:55:28 +0200] "GET / HTTP/1.1" 200 18687 "-" "Mozilla/5.0 (Windows NT 6.1; Win64; x64) AppleWebKit/537.36 (KHTML, like Gecko) Chrome/59.0.3071.115 Safari/537.36"
86.137.186.29 - - [05/Jul/2017:19:55:29 +0200] "GET /css/materialize.css HTTP/1.1" 200 25349 "https://staff.sinisterheavens.com/" "Mozilla/5.0 (Windows NT 6.1; Win64; x64) AppleWebKit/537.36 (KHTML, like Gecko) Chrome/59.0.3071.115 Safari/537.36"
86.137.186.29 - - [05/Jul/2017:19:55:29 +0200] "GET /css/index.css HTTP/1.1" 200 1323 "https://staff.sinisterheavens.com/" "Mozilla/5.0 (Windows NT 6.1; Win64; x64) AppleWebKit/537.36 (KHTML, like Gecko) Chrome/59.0.3071.115 Safari/537.36"
86.137.186.29 - - [05/Jul/2017:19:55:29 +0200] "GET /js/jquery.js HTTP/1.1" 200 30657 "https://staff.sinisterheavens.com/" "Mozilla/5.0 (Windows NT 6.1; Win64; x64) AppleWebKit/537.36 (KHTML, like Gecko) Chrome/59.0.3071.115 Safari/537.36"
86.137.186.29 - - [05/Jul/2017:19:55:29 +0200] "GET /js/index.js HTTP/1.1" 200 1084 "https://staff.sinisterheavens.com/" "Mozilla/5.0 (Windows NT 6.1; Win64; x64) AppleWebKit/537.36 (KHTML, like Gecko) Chrome/59.0.3071.115 Safari/537.36"
86.137.186.29 - - [05/Jul/2017:19:55:29 +0200] "GET /js/materialize.js HTTP/1.1" 200 70479 "https://staff.sinisterheavens.com/" "Mozilla/5.0 (Windows NT 6.1; Win64; x64) AppleWebKit/537.36 (KHTML, like Gecko) Chrome/59.0.3071.115 Safari/537.36"
86.137.186.29 - - [05/Jul/2017:19:55:30 +0200] "GET / HTTP/1.1" 301 616 "-" "Mozilla/5.0 (Windows NT 6.1; Win64; x64) AppleWebKit/537.36 (KHTML, like Gecko) Chrome/59.0.3071.115 Safari/537.36"
86.137.186.29 - - [05/Jul/2017:19:55:30 +0200] "GET /favicon.ico HTTP/1.1" 404 348 "https://staff.sinisterheavens.com/" "Mozilla/5.0 (Windows NT 6.1; Win64; x64) AppleWebKit/537.36 (KHTML, like Gecko) Chrome/59.0.3071.115 Safari/537.36"
86.137.186.29 - - [05/Jul/2017:19:55:30 +0200] "GET / HTTP/1.1" 200 7236 "-" "Mozilla/5.0 (Windows NT 6.1; Win64; x64) AppleWebKit/537.36 (KHTML, like Gecko) Chrome/59.0.3071.115 Safari/537.36"
86.137.186.29 - - [05/Jul/2017:19:55:30 +0200] "GET /js/jquery.js HTTP/1.1" 200 30762 "https://ttt-staff.sinisterheavens.com/" "Mozilla/5.0 (Windows NT 6.1; Win64; x64) AppleWebKit/537.36 (KHTML, like Gecko) Chrome/59.0.3071.115 Safari/537.36"
86.137.186.29 - - [05/Jul/2017:19:55:30 +0200] "GET /css/materialize.css HTTP/1.1" 200 25342 "https://ttt-staff.sinisterheavens.com/" "Mozilla/5.0 (Windows NT 6.1; Win64; x64) AppleWebKit/537.36 (KHTML, like Gecko) Chrome/59.0.3071.115 Safari/537.36"
86.137.186.29 - - [05/Jul/2017:19:55:30 +0200] "GET /css/index.css HTTP/1.1" 200 1476 "https://ttt-staff.sinisterheavens.com/" "Mozilla/5.0 (Windows NT 6.1; Win64; x64) AppleWebKit/537.36 (KHTML, like Gecko) Chrome/59.0.3071.115 Safari/537.36"
86.137.186.29 - - [05/Jul/2017:19:55:30 +0200] "GET /js/materialize.js HTTP/1.1" 200 70479 "https://ttt-staff.sinisterheavens.com/" "Mozilla/5.0 (Windows NT 6.1; Win64; x64) AppleWebKit/537.36 (KHTML, like Gecko) Chrome/59.0.3071.115 Safari/537.36"
86.137.186.29 - - [05/Jul/2017:19:55:30 +0200] "GET /js/index.js HTTP/1.1" 200 931 "https://ttt-staff.sinisterheavens.com/" "Mozilla/5.0 (Windows NT 6.1; Win64; x64) AppleWebKit/537.36 (KHTML, like Gecko) Chrome/59.0.3071.115 Safari/537.36"
86.137.186.29 - - [05/Jul/2017:19:55:31 +0200] "GET /favicon.ico HTTP/1.1" 404 520 "https://ttt-staff.sinisterheavens.com/" "Mozilla/5.0 (Windows NT 6.1; Win64; x64) AppleWebKit/537.36 (KHTML, like Gecko) Chrome/59.0.3071.115 Safari/537.36"
::1 - - [05/Jul/2017:19:55:38 +0200] "OPTIONS * HTTP/1.0" 200 126 "-" "Apache/2.4.18 (Ubuntu) OpenSSL/1.0.2g mod_wsgi/4.3.0 Python/2.7.12 (internal dummy connection)"
::1 - - [05/Jul/2017:19:55:39 +0200] "OPTIONS * HTTP/1.0" 200 126 "-" "Apache/2.4.18 (Ubuntu) OpenSSL/1.0.2g mod_wsgi/4.3.0 Python/2.7.12 (internal dummy connection)"
::1 - - [05/Jul/2017:19:55:40 +0200] "OPTIONS * HTTP/1.0" 200 126 "-" "Apache/2.4.18 (Ubuntu) OpenSSL/1.0.2g mod_wsgi/4.3.0 Python/2.7.12 (internal dummy connection)"
::1 - - [05/Jul/2017:19:55:41 +0200] "OPTIONS * HTTP/1.0" 200 126 "-" "Apache/2.4.18 (Ubuntu) OpenSSL/1.0.2g mod_wsgi/4.3.0 Python/2.7.12 (internal dummy connection)"
::1 - - [05/Jul/2017:19:57:17 +0200] "OPTIONS * HTTP/1.0" 200 126 "-" "Apache/2.4.18 (Ubuntu) OpenSSL/1.0.2g mod_wsgi/4.3.0 Python/2.7.12 (internal dummy connection)"
::1 - - [05/Jul/2017:19:57:18 +0200] "OPTIONS * HTTP/1.0" 200 126 "-" "Apache/2.4.18 (Ubuntu) OpenSSL/1.0.2g mod_wsgi/4.3.0 Python/2.7.12 (internal dummy connection)"
::1 - - [05/Jul/2017:19:57:19 +0200] "OPTIONS * HTTP/1.0" 200 126 "-" "Apache/2.4.18 (Ubuntu) OpenSSL/1.0.2g mod_wsgi/4.3.0 Python/2.7.12 (internal dummy connection)"
217.182.132.148 - - [05/Jul/2017:19:58:22 +0200] "GET /csgo/models/models/gmod_tower/seusshat.dx80.vtx.bz2 HTTP/1.1" 404 3727 "-" "Mozilla/5.0 (compatible; AhrefsBot/5.2; +http://ahrefs.com/robot/)"
81.131.174.6 - - [05/Jul/2017:20:00:41 +0200] "GET / HTTP/1.1" 200 18687 "-" "Mozilla/5.0 (Windows NT 6.1; Win64; x64) AppleWebKit/537.36 (KHTML, like Gecko) Chrome/59.0.3071.115 Safari/537.36"
81.131.174.6 - - [05/Jul/2017:20:00:42 +0200] "GET /css/materialize.css HTTP/1.1" 200 25290 "https://staff.sinisterheavens.com/" "Mozilla/5.0 (Windows NT 6.1; Win64; x64) AppleWebKit/537.36 (KHTML, like Gecko) Chrome/59.0.3071.115 Safari/537.36"
81.131.174.6 - - [05/Jul/2017:20:00:42 +0200] "GET /css/index.css HTTP/1.1" 200 1323 "https://staff.sinisterheavens.com/" "Mozilla/5.0 (Windows NT 6.1; Win64; x64) AppleWebKit/537.36 (KHTML, like Gecko) Chrome/59.0.3071.115 Safari/537.36"
81.131.174.6 - - [05/Jul/2017:20:00:42 +0200] "GET /js/jquery.js HTTP/1.1" 200 30927 "https://staff.sinisterheavens.com/" "Mozilla/5.0 (Windows NT 6.1; Win64; x64) AppleWebKit/537.36 (KHTML, like Gecko) Chrome/59.0.3071.115 Safari/537.36"
81.131.174.6 - - [05/Jul/2017:20:00:42 +0200] "GET /js/index.js HTTP/1.1" 200 1171 "https://staff.sinisterheavens.com/" "Mozilla/5.0 (Windows NT 6.1; Win64; x64) AppleWebKit/537.36 (KHTML, like Gecko) Chrome/59.0.3071.115 Safari/537.36"
81.131.174.6 - - [05/Jul/2017:20:00:42 +0200] "GET /js/materialize.js HTTP/1.1" 200 69932 "https://staff.sinisterheavens.com/" "Mozilla/5.0 (Windows NT 6.1; Win64; x64) AppleWebKit/537.36 (KHTML, like Gecko) Chrome/59.0.3071.115 Safari/537.36"
81.131.174.6 - - [05/Jul/2017:20:05:42 +0200] "-" 408 152 "-" "-"
81.131.174.6 - - [05/Jul/2017:20:05:42 +0200] "-" 408 152 "-" "-"
::1 - - [05/Jul/2017:20:05:45 +0200] "OPTIONS * HTTP/1.0" 200 126 "-" "Apache/2.4.18 (Ubuntu) OpenSSL/1.0.2g mod_wsgi/4.3.0 Python/2.7.12 (internal dummy connection)"
157.55.39.242 - - [05/Jul/2017:20:11:41 +0200] "GET / HTTP/1.1" 301 604 "-" "Mozilla/5.0 (compatible; bingbot/2.0; +http://www.bing.com/bingbot.htm)"
51.254.222.206 - - [05/Jul/2017:20:14:51 +0200] "GET / HTTP/1.0" 301 567 "https://clwo.eu/jailbreak/staff_redi.php" "Mozilla/5.0 (Windows NT 10.0; Win64; x64) AppleWebKit/537.36 (KHTML, like Gecko) Chrome/59.0.3071.115 Safari/537.36"
77.249.103.112 - - [05/Jul/2017:20:14:51 +0200] "GET / HTTP/1.1" 200 18685 "https://clwo.eu/jailbreak/staff_redi.php" "Mozilla/5.0 (Windows NT 10.0; Win64; x64) AppleWebKit/537.36 (KHTML, like Gecko) Chrome/59.0.3071.115 Safari/537.36"
77.249.103.112 - - [05/Jul/2017:20:14:51 +0200] "GET /js/jquery.js HTTP/1.1" 200 34190 "https://staff.sinisterheavens.com/" "Mozilla/5.0 (Windows NT 10.0; Win64; x64) AppleWebKit/537.36 (KHTML, like Gecko) Chrome/59.0.3071.115 Safari/537.36"
77.249.103.112 - - [05/Jul/2017:20:14:51 +0200] "GET /css/materialize.css HTTP/1.1" 200 25333 "https://staff.sinisterheavens.com/" "Mozilla/5.0 (Windows NT 10.0; Win64; x64) AppleWebKit/537.36 (KHTML, like Gecko) Chrome/59.0.3071.115 Safari/537.36"
77.249.103.112 - - [05/Jul/2017:20:14:51 +0200] "GET /js/index.js HTTP/1.1" 200 1084 "https://staff.sinisterheavens.com/" "Mozilla/5.0 (Windows NT 10.0; Win64; x64) AppleWebKit/537.36 (KHTML, like Gecko) Chrome/59.0.3071.115 Safari/537.36"
77.249.103.112 - - [05/Jul/2017:20:14:51 +0200] "GET /css/index.css HTTP/1.1" 200 1476 "https://staff.sinisterheavens.com/" "Mozilla/5.0 (Windows NT 10.0; Win64; x64) AppleWebKit/537.36 (KHTML, like Gecko) Chrome/59.0.3071.115 Safari/537.36"
77.249.103.112 - - [05/Jul/2017:20:14:51 +0200] "GET /js/materialize.js HTTP/1.1" 200 70479 "https://staff.sinisterheavens.com/" "Mozilla/5.0 (Windows NT 10.0; Win64; x64) AppleWebKit/537.36 (KHTML, like Gecko) Chrome/59.0.3071.115 Safari/537.36"
::1 - - [05/Jul/2017:20:18:05 +0200] "OPTIONS * HTTP/1.0" 200 126 "-" "Apache/2.4.18 (Ubuntu) OpenSSL/1.0.2g mod_wsgi/4.3.0 Python/2.7.12 (internal dummy connection)"
180.76.15.136 - - [05/Jul/2017:20:23:34 +0200] "GET /Automated%20Bot/node_modules/lodash/_baseDifference.js HTTP/1.1" 200 1061 "-" "Mozilla/5.0 (compatible; Baiduspider/2.0; +http://www.baidu.com/search/spider.html)"
51.254.222.206 - - [05/Jul/2017:20:23:59 +0200] "GET / HTTP/1.0" 301 567 "https://clwo.eu/jailbreak/staff_redi.php" "Mozilla/5.0 (Windows NT 10.0; WOW64; rv:54.0) Gecko/20100101 Firefox/54.0"
82.151.60.45 - - [05/Jul/2017:20:24:00 +0200] "GET / HTTP/1.1" 200 18685 "https://clwo.eu/jailbreak/staff_redi.php" "Mozilla/5.0 (Windows NT 10.0; WOW64; rv:54.0) Gecko/20100101 Firefox/54.0"
82.151.60.45 - - [05/Jul/2017:20:24:00 +0200] "GET /js/jquery.js HTTP/1.1" 200 30504 "https://staff.sinisterheavens.com/" "Mozilla/5.0 (Windows NT 10.0; WOW64; rv:54.0) Gecko/20100101 Firefox/54.0"
82.151.60.45 - - [05/Jul/2017:20:24:00 +0200] "GET /css/index.css HTTP/1.1" 200 1476 "https://staff.sinisterheavens.com/" "Mozilla/5.0 (Windows NT 10.0; WOW64; rv:54.0) Gecko/20100101 Firefox/54.0"
82.151.60.45 - - [05/Jul/2017:20:24:00 +0200] "GET /css/materialize.css HTTP/1.1" 200 25342 "https://staff.sinisterheavens.com/" "Mozilla/5.0 (Windows NT 10.0; WOW64; rv:54.0) Gecko/20100101 Firefox/54.0"
82.151.60.45 - - [05/Jul/2017:20:24:00 +0200] "GET /js/index.js HTTP/1.1" 200 1084 "https://staff.sinisterheavens.com/" "Mozilla/5.0 (Windows NT 10.0; WOW64; rv:54.0) Gecko/20100101 Firefox/54.0"
82.151.60.45 - - [05/Jul/2017:20:24:00 +0200] "GET /js/materialize.js HTTP/1.1" 200 70479 "https://staff.sinisterheavens.com/" "Mozilla/5.0 (Windows NT 10.0; WOW64; rv:54.0) Gecko/20100101 Firefox/54.0"
::1 - - [05/Jul/2017:20:24:07 +0200] "OPTIONS * HTTP/1.0" 200 126 "-" "Apache/2.4.18 (Ubuntu) OpenSSL/1.0.2g mod_wsgi/4.3.0 Python/2.7.12 (internal dummy connection)"
164.132.161.22 - - [05/Jul/2017:20:27:08 +0200] "GET /csgo/sound/inilo/jailbreak_v1_452489/radio_v1_452489/prisoners_v1_452489/taunt_v1_452489/radio_taunt02_452489.mp3.bz2 HTTP/1.1" 404 3793 "-" "Mozilla/5.0 (compatible; AhrefsBot/5.2; +http://ahrefs.com/robot/)"
186.118.198.127 - - [05/Jul/2017:20:29:17 +0200] "GET /A003957 HTTP/1.1" 404 3939 "https://www.google.com.co/" "Mozilla/5.0 (Windows NT 6.1; Win64; x64) AppleWebKit/537.36 (KHTML, like Gecko) Chrome/59.0.3071.115 Safari/537.36"
186.118.198.127 - - [05/Jul/2017:20:29:17 +0200] "GET /favicon.ico HTTP/1.1" 404 574 "https://oeis.sinisterheavens.com/A003957" "Mozilla/5.0 (Windows NT 6.1; Win64; x64) AppleWebKit/537.36 (KHTML, like Gecko) Chrome/59.0.3071.115 Safari/537.36"
51.255.65.16 - - [05/Jul/2017:20:29:28 +0200] "GET /share/csgo/sound/inilo/jailbreak_v1_452489/sprays_v1_452489/ HTTP/1.1" 200 1300 "-" "Mozilla/5.0 (compatible; AhrefsBot/5.2; +http://ahrefs.com/robot/)"
178.154.189.32 - - [05/Jul/2017:20:32:58 +0200] "GET /robots.txt HTTP/1.1" 404 514 "-" "Mozilla/5.0 (compatible; YandexBot/3.0; +http://yandex.com/bots)"
178.154.189.32 - - [05/Jul/2017:20:33:02 +0200] "GET /Automated%20Bot/node_modules/lodash/fp/ HTTP/1.1" 200 4575 "-" "Mozilla/5.0 (compatible; YandexBot/3.0; +http://yandex.com/bots)"
221.238.7.100 - - [05/Jul/2017:20:41:25 +0200] "GET / HTTP/1.1" 200 5632 "-" "Mozilla/5.0 (Windows NT 6.1) AppleWebKit/537.36 (KHTML, like Gecko) Chrome/41.0.2228.0 Safari/537.36"
217.182.132.37 - - [05/Jul/2017:20:41:49 +0200] "GET /share/csgo/sound/inilo/jailbreak_v1_452489/taunt_v1_452489/020%20Aren%27t%20You%20Becoming%20Quite%20the%20Little%20Problem.mp3.bz2 HTTP/1.1" 200 37481 "-" "Mozilla/5.0 (compatible; AhrefsBot/5.2; +http://ahrefs.com/robot/)"
46.229.164.100 - - [05/Jul/2017:20:43:15 +0200] "GET /robots.txt HTTP/1.1" 404 479 "-" "Mozilla/5.0 (compatible; SemrushBot/1.2~bl; +http://www.semrush.com/bot.html)"
217.182.132.185 - - [05/Jul/2017:20:44:16 +0200] "GET /share/projects/ttt_config/ttt/healthshot.cfg HTTP/1.1" 200 1530 "-" "Mozilla/5.0 (compatible; AhrefsBot/5.2; +http://ahrefs.com/robot/)"
51.255.65.11 - - [05/Jul/2017:20:47:11 +0200] "GET /share/csgo/sound/inilo/jailbreak_v1_452489/cloak_v1_452489/cloak_cloak01_452489.mp3.bz2 HTTP/1.1" 200 78337 "-" "Mozilla/5.0 (compatible; AhrefsBot/5.2; +http://ahrefs.com/robot/)"
77.174.26.211 - - [05/Jul/2017:20:50:58 +0200] "GET / HTTP/1.1" 301 616 "-" "Mozilla/5.0 (Windows; U; Windows NT 10.0; en-US; Valve Steam GameOverlay/1496897923; ) AppleWebKit/537.36 (KHTML, like Gecko) Chrome/58.0.3029.81 Safari/537.36"
77.174.26.211 - - [05/Jul/2017:20:50:58 +0200] "GET / HTTP/1.1" 200 7237 "-" "Mozilla/5.0 (Windows; U; Windows NT 10.0; en-US; Valve Steam GameOverlay/1496897923; ) AppleWebKit/537.36 (KHTML, like Gecko) Chrome/58.0.3029.81 Safari/537.36"
77.174.26.211 - - [05/Jul/2017:20:50:58 +0200] "GET /js/jquery.js HTTP/1.1" 200 30629 "https://ttt-staff.sinisterheavens.com/" "Mozilla/5.0 (Windows; U; Windows NT 10.0; en-US; Valve Steam GameOverlay/1496897923; ) AppleWebKit/537.36 (KHTML, like Gecko) Chrome/58.0.3029.81 Safari/537.36"
77.174.26.211 - - [05/Jul/2017:20:50:59 +0200] "GET /css/index.css HTTP/1.1" 200 1476 "https://ttt-staff.sinisterheavens.com/" "Mozilla/5.0 (Windows; U; Windows NT 10.0; en-US; Valve Steam GameOverlay/1496897923; ) AppleWebKit/537.36 (KHTML, like Gecko) Chrome/58.0.3029.81 Safari/537.36"
77.174.26.211 - - [05/Jul/2017:20:50:59 +0200] "GET /js/index.js HTTP/1.1" 200 1084 "https://ttt-staff.sinisterheavens.com/" "Mozilla/5.0 (Windows; U; Windows NT 10.0; en-US; Valve Steam GameOverlay/1496897923; ) AppleWebKit/537.36 (KHTML, like Gecko) Chrome/58.0.3029.81 Safari/537.36"
77.174.26.211 - - [05/Jul/2017:20:50:59 +0200] "GET /css/materialize.css HTTP/1.1" 200 25444 "https://ttt-staff.sinisterheavens.com/" "Mozilla/5.0 (Windows; U; Windows NT 10.0; en-US; Valve Steam GameOverlay/1496897923; ) AppleWebKit/537.36 (KHTML, like Gecko) Chrome/58.0.3029.81 Safari/537.36"
77.174.26.211 - - [05/Jul/2017:20:50:59 +0200] "GET /js/materialize.js HTTP/1.1" 200 69932 "https://ttt-staff.sinisterheavens.com/" "Mozilla/5.0 (Windows; U; Windows NT 10.0; en-US; Valve Steam GameOverlay/1496897923; ) AppleWebKit/537.36 (KHTML, like Gecko) Chrome/58.0.3029.81 Safari/537.36"
::1 - - [05/Jul/2017:20:51:06 +0200] "OPTIONS * HTTP/1.0" 200 126 "-" "Apache/2.4.18 (Ubuntu) OpenSSL/1.0.2g mod_wsgi/4.3.0 Python/2.7.12 (internal dummy connection)"
77.174.26.211 - - [05/Jul/2017:20:58:12 +0200] "GET / HTTP/1.1" 200 7237 "-" "Mozilla/5.0 (Windows; U; Windows NT 10.0; en-US; Valve Steam GameOverlay/1496897923; ) AppleWebKit/537.36 (KHTML, like Gecko) Chrome/58.0.3029.81 Safari/537.36"
77.174.26.211 - - [05/Jul/2017:20:58:13 +0200] "GET / HTTP/1.1" 200 4017 "-" "Mozilla/5.0 (Windows; U; Windows NT 10.0; en-US; Valve Steam GameOverlay/1496897923; ) AppleWebKit/537.36 (KHTML, like Gecko) Chrome/58.0.3029.81 Safari/537.36"
77.174.26.211 - - [05/Jul/2017:20:58:13 +0200] "GET /js/jquery.js HTTP/1.1" 200 30641 "https://ttt-staff.sinisterheavens.com/" "Mozilla/5.0 (Windows; U; Windows NT 10.0; en-US; Valve Steam GameOverlay/1496897923; ) AppleWebKit/537.36 (KHTML, like Gecko) Chrome/58.0.3029.81 Safari/537.36"
77.174.26.211 - - [05/Jul/2017:20:58:13 +0200] "GET /css/index.css HTTP/1.1" 200 1476 "https://ttt-staff.sinisterheavens.com/" "Mozilla/5.0 (Windows; U; Windows NT 10.0; en-US; Valve Steam GameOverlay/1496897923; ) AppleWebKit/537.36 (KHTML, like Gecko) Chrome/58.0.3029.81 Safari/537.36"
77.174.26.211 - - [05/Jul/2017:20:58:13 +0200] "GET /js/index.js HTTP/1.1" 200 1084 "https://ttt-staff.sinisterheavens.com/" "Mozilla/5.0 (Windows; U; Windows NT 10.0; en-US; Valve Steam GameOverlay/1496897923; ) AppleWebKit/537.36 (KHTML, like Gecko) Chrome/58.0.3029.81 Safari/537.36"
77.174.26.211 - - [05/Jul/2017:20:58:13 +0200] "GET /css/materialize.css HTTP/1.1" 200 25342 "https://ttt-staff.sinisterheavens.com/" "Mozilla/5.0 (Windows; U; Windows NT 10.0; en-US; Valve Steam GameOverlay/1496897923; ) AppleWebKit/537.36 (KHTML, like Gecko) Chrome/58.0.3029.81 Safari/537.36"
77.174.26.211 - - [05/Jul/2017:20:58:13 +0200] "GET /js/materialize.js HTTP/1.1" 200 70444 "https://ttt-staff.sinisterheavens.com/" "Mozilla/5.0 (Windows; U; Windows NT 10.0; en-US; Valve Steam GameOverlay/1496897923; ) AppleWebKit/537.36 (KHTML, like Gecko) Chrome/58.0.3029.81 Safari/537.36"
114.32.42.226 - - [05/Jul/2017:21:13:51 +0200] "GET / HTTP/1.0" 301 570 "-" "Mozilla/5.0 (compatible; Googlebot/2.1; +http://www.google.com/bot.html)"
82.46.249.80 - - [05/Jul/2017:21:14:46 +0200] "GET / HTTP/1.1" 200 18686 "https://clwo.eu/jailbreak/staff_redi.php" "Mozilla/5.0 (Windows; U; Windows NT 10.0; en-US; Valve Steam GameOverlay/1496897923; ) AppleWebKit/537.36 (KHTML, like Gecko) Chrome/58.0.3029.81 Safari/537.36"
82.46.249.80 - - [05/Jul/2017:21:14:47 +0200] "GET /css/materialize.css HTTP/1.1" 200 25244 "https://staff.sinisterheavens.com/" "Mozilla/5.0 (Windows; U; Windows NT 10.0; en-US; Valve Steam GameOverlay/1496897923; ) AppleWebKit/537.36 (KHTML, like Gecko) Chrome/58.0.3029.81 Safari/537.36"
82.46.249.80 - - [05/Jul/2017:21:14:47 +0200] "GET /js/index.js HTTP/1.1" 200 1171 "https://staff.sinisterheavens.com/" "Mozilla/5.0 (Windows; U; Windows NT 10.0; en-US; Valve Steam GameOverlay/1496897923; ) AppleWebKit/537.36 (KHTML, like Gecko) Chrome/58.0.3029.81 Safari/537.36"
82.46.249.80 - - [05/Jul/2017:21:14:47 +0200] "GET /css/index.css HTTP/1.1" 200 1563 "https://staff.sinisterheavens.com/" "Mozilla/5.0 (Windows; U; Windows NT 10.0; en-US; Valve Steam GameOverlay/1496897923; ) AppleWebKit/537.36 (KHTML, like Gecko) Chrome/58.0.3029.81 Safari/537.36"
82.46.249.80 - - [05/Jul/2017:21:14:47 +0200] "GET /js/jquery.js HTTP/1.1" 200 30869 "https://staff.sinisterheavens.com/" "Mozilla/5.0 (Windows; U; Windows NT 10.0; en-US; Valve Steam GameOverlay/1496897923; ) AppleWebKit/537.36 (KHTML, like Gecko) Chrome/58.0.3029.81 Safari/537.36"
82.46.249.80 - - [05/Jul/2017:21:14:47 +0200] "GET /js/materialize.js HTTP/1.1" 200 70479 "https://staff.sinisterheavens.com/" "Mozilla/5.0 (Windows; U; Windows NT 10.0; en-US; Valve Steam GameOverlay/1496897923; ) AppleWebKit/537.36 (KHTML, like Gecko) Chrome/58.0.3029.81 Safari/537.36"
51.254.222.206 - - [05/Jul/2017:21:15:00 +0200] "GET / HTTP/1.0" 301 567 "https://clwo.eu/jailbreak/staff_redi.php" "Mozilla/5.0 (Linux; Android 5.1; m2 Build/LMY47D) AppleWebKit/537.36 (KHTML, like Gecko) Chrome/59.0.3071.125 Mobile Safari/537.36"
188.252.172.212 - - [05/Jul/2017:21:15:00 +0200] "GET / HTTP/1.1" 200 18686 "https://clwo.eu/jailbreak/staff_redi.php" "Mozilla/5.0 (Linux; Android 5.1; m2 Build/LMY47D) AppleWebKit/537.36 (KHTML, like Gecko) Chrome/59.0.3071.125 Mobile Safari/537.36"
188.252.172.212 - - [05/Jul/2017:21:15:01 +0200] "GET /js/jquery.js HTTP/1.1" 200 34095 "https://staff.sinisterheavens.com/" "Mozilla/5.0 (Linux; Android 5.1; m2 Build/LMY47D) AppleWebKit/537.36 (KHTML, like Gecko) Chrome/59.0.3071.125 Mobile Safari/537.36"
188.252.172.212 - - [05/Jul/2017:21:15:01 +0200] "GET /js/index.js HTTP/1.1" 200 4304 "https://staff.sinisterheavens.com/" "Mozilla/5.0 (Linux; Android 5.1; m2 Build/LMY47D) AppleWebKit/537.36 (KHTML, like Gecko) Chrome/59.0.3071.125 Mobile Safari/537.36"
188.252.172.212 - - [05/Jul/2017:21:15:01 +0200] "GET /css/materialize.css HTTP/1.1" 200 28562 "https://staff.sinisterheavens.com/" "Mozilla/5.0 (Linux; Android 5.1; m2 Build/LMY47D) AppleWebKit/537.36 (KHTML, like Gecko) Chrome/59.0.3071.125 Mobile Safari/537.36"
188.252.172.212 - - [05/Jul/2017:21:15:01 +0200] "GET /js/materialize.js HTTP/1.1" 200 73699 "https://staff.sinisterheavens.com/" "Mozilla/5.0 (Linux; Android 5.1; m2 Build/LMY47D) AppleWebKit/537.36 (KHTML, like Gecko) Chrome/59.0.3071.125 Mobile Safari/537.36"
188.252.172.212 - - [05/Jul/2017:21:15:01 +0200] "GET /css/index.css HTTP/1.1" 200 1323 "https://staff.sinisterheavens.com/" "Mozilla/5.0 (Linux; Android 5.1; m2 Build/LMY47D) AppleWebKit/537.36 (KHTML, like Gecko) Chrome/59.0.3071.125 Mobile Safari/537.36"
157.55.39.97 - - [05/Jul/2017:21:15:50 +0200] "GET / HTTP/1.1" 200 1426 "-" "Mozilla/5.0 (compatible; bingbot/2.0; +http://www.bing.com/bingbot.htm)"
::1 - - [05/Jul/2017:21:16:58 +0200] "OPTIONS * HTTP/1.0" 200 126 "-" "Apache/2.4.18 (Ubuntu) OpenSSL/1.0.2g mod_wsgi/4.3.0 Python/2.7.12 (internal dummy connection)"
178.154.189.32 - - [05/Jul/2017:21:17:19 +0200] "GET /robots.txt HTTP/1.1" 404 516 "-" "Mozilla/5.0 (compatible; YandexBot/3.0; +http://yandex.com/bots)"
178.154.189.32 - - [05/Jul/2017:21:17:23 +0200] "GET /Automated%20Bot/node_modules/shortid/lib/ HTTP/1.1" 200 1381 "-" "Mozilla/5.0 (compatible; YandexBot/3.0; +http://yandex.com/bots)"
188.252.172.212 - - [05/Jul/2017:21:20:01 +0200] "-" 408 152 "-" "-"
::1 - - [05/Jul/2017:21:20:04 +0200] "OPTIONS * HTTP/1.0" 200 126 "-" "Apache/2.4.18 (Ubuntu) OpenSSL/1.0.2g mod_wsgi/4.3.0 Python/2.7.12 (internal dummy connection)"
217.182.132.180 - - [05/Jul/2017:21:20:38 +0200] "GET /projects/progressbar/ HTTP/1.1" 200 3970 "-" "Mozilla/5.0 (compatible; AhrefsBot/5.2; +http://ahrefs.com/robot/)"
217.182.132.62 - - [05/Jul/2017:21:24:44 +0200] "GET /csgo/models/models/anime_patron/animePatr.xbox.vtx.bz2 HTTP/1.1" 404 3730 "-" "Mozilla/5.0 (compatible; AhrefsBot/5.2; +http://ahrefs.com/robot/)"
157.55.39.97 - - [05/Jul/2017:21:26:26 +0200] "GET / HTTP/1.1" 200 2219 "-" "Mozilla/5.0 (compatible; bingbot/2.0; +http://www.bing.com/bingbot.htm)"
217.182.132.90 - - [05/Jul/2017:21:40:29 +0200] "GET /share/csgo/sound/inilo/jailbreak_v1_452489/immersion_v1_452489/bullet_impact_452489/ HTTP/1.1" 200 2350 "-" "Mozilla/5.0 (compatible; AhrefsBot/5.2; +http://ahrefs.com/robot/)"
217.182.132.148 - - [05/Jul/2017:21:47:35 +0200] "GET /share/projects/ttt_config/id.cfg HTTP/1.1" 200 704 "-" "Mozilla/5.0 (compatible; AhrefsBot/5.2; +http://ahrefs.com/robot/)"
164.132.161.87 - - [05/Jul/2017:21:48:59 +0200] "GET /csgo/materials/models/gmod_tower/sombrero.vmt.bz2 HTTP/1.1" 404 3725 "-" "Mozilla/5.0 (compatible; AhrefsBot/5.2; +http://ahrefs.com/robot/)"
164.132.161.86 - - [05/Jul/2017:21:49:12 +0200] "GET /csgo/materials/models/gmod_tower/partyhat.vtf.bz2 HTTP/1.1" 404 3725 "-" "Mozilla/5.0 (compatible; AhrefsBot/5.2; +http://ahrefs.com/robot/)"
45.79.174.97 - - [05/Jul/2017:22:04:55 +0200] "GET / HTTP/1.0" 400 0 "-" "-"
45.79.174.97 - - [05/Jul/2017:22:04:57 +0200] "GET / HTTP/1.0" 200 3689 "-" "-"
51.255.65.13 - - [05/Jul/2017:22:11:10 +0200] "GET /errors/404.html HTTP/1.1" 200 6434 "-" "Mozilla/5.0 (compatible; AhrefsBot/5.2; +http://ahrefs.com/robot/)"
151.80.39.36 - - [05/Jul/2017:22:16:21 +0200] "GET /robots.txt HTTP/1.1" 404 3675 "-" "Mozilla/5.0 (compatible; AhrefsBot/5.2; +http://ahrefs.com/robot/)"
217.182.132.31 - - [05/Jul/2017:22:16:21 +0200] "GET /csgo/materials/models/ HTTP/1.1" 200 4709 "-" "Mozilla/5.0 (compatible; AhrefsBot/5.2; +http://ahrefs.com/robot/)"
51.255.65.69 - - [05/Jul/2017:22:16:54 +0200] "GET /share/csgo/sound/inilo/jailbreak_v1_452489/taunt_v1_452489/024%20I%27ll%20Take%20That%20Trade.mp3.bz2 HTTP/1.1" 200 15038 "-" "Mozilla/5.0 (compatible; AhrefsBot/5.2; +http://ahrefs.com/robot/)"
51.255.71.132 - - [05/Jul/2017:22:18:15 +0200] "GET /csgo/models/models/smurffff/smurffff.mdl.bz2 HTTP/1.1" 404 3720 "-" "Mozilla/5.0 (compatible; AhrefsBot/5.2; +http://ahrefs.com/robot/)"
212.187.97.19 - - [05/Jul/2017:22:21:37 +0200] "GET / HTTP/1.1" 200 18692 "https://clwo.eu/jailbreak/staff_redi.php" "Mozilla/5.0 (Linux; Android 6.0.1; SM-A510F Build/MMB29K) AppleWebKit/537.36 (KHTML, like Gecko) Chrome/59.0.3071.125 Mobile Safari/537.36"
212.187.97.19 - - [05/Jul/2017:22:21:37 +0200] "GET /js/jquery.js HTTP/1.1" 200 30504 "https://staff.sinisterheavens.com/" "Mozilla/5.0 (Linux; Android 6.0.1; SM-A510F Build/MMB29K) AppleWebKit/537.36 (KHTML, like Gecko) Chrome/59.0.3071.125 Mobile Safari/537.36"
212.187.97.19 - - [05/Jul/2017:22:21:37 +0200] "GET /js/index.js HTTP/1.1" 200 4304 "https://staff.sinisterheavens.com/" "Mozilla/5.0 (Linux; Android 6.0.1; SM-A510F Build/MMB29K) AppleWebKit/537.36 (KHTML, like Gecko) Chrome/59.0.3071.125 Mobile Safari/537.36"
212.187.97.19 - - [05/Jul/2017:22:21:37 +0200] "GET /css/index.css HTTP/1.1" 200 4696 "https://staff.sinisterheavens.com/" "Mozilla/5.0 (Linux; Android 6.0.1; SM-A510F Build/MMB29K) AppleWebKit/537.36 (KHTML, like Gecko) Chrome/59.0.3071.125 Mobile Safari/537.36"
212.187.97.19 - - [05/Jul/2017:22:21:37 +0200] "GET /css/materialize.css HTTP/1.1" 200 28661 "https://staff.sinisterheavens.com/" "Mozilla/5.0 (Linux; Android 6.0.1; SM-A510F Build/MMB29K) AppleWebKit/537.36 (KHTML, like Gecko) Chrome/59.0.3071.125 Mobile Safari/537.36"
212.187.97.19 - - [05/Jul/2017:22:21:37 +0200] "GET /js/materialize.js HTTP/1.1" 200 73704 "https://staff.sinisterheavens.com/" "Mozilla/5.0 (Linux; Android 6.0.1; SM-A510F Build/MMB29K) AppleWebKit/537.36 (KHTML, like Gecko) Chrome/59.0.3071.125 Mobile Safari/537.36"
164.132.161.92 - - [05/Jul/2017:22:25:47 +0200] "GET /csgo/materials/models/custom/weapons/rebelscurse/ HTTP/1.1" 200 1168 "-" "Mozilla/5.0 (compatible; AhrefsBot/5.2; +http://ahrefs.com/robot/)"
212.187.97.19 - - [05/Jul/2017:22:26:37 +0200] "-" 408 3372 "-" "-"
::1 - - [05/Jul/2017:22:26:39 +0200] "OPTIONS * HTTP/1.0" 200 126 "-" "Apache/2.4.18 (Ubuntu) OpenSSL/1.0.2g mod_wsgi/4.3.0 Python/2.7.12 (internal dummy connection)"
51.255.65.57 - - [05/Jul/2017:22:33:57 +0200] "GET /share/csgo/sound/inilo/jailbreak_v1_452489/taunt_v1_452489/003%20I%20Need%20Food.mp3.bz2 HTTP/1.1" 200 14395 "-" "Mozilla/5.0 (compatible; AhrefsBot/5.2; +http://ahrefs.com/robot/)"
